▲ Next.js 16.3.5 (Turbopack)
- Local:         http://localhost:3000
- Network:       http://192.168.1.104:3000
- Environments: .env.local
✓ Ready in 1404ms
✓ Running next.config.mjs took 54ms
Creating turbopack project { dir: 'C:\\xampp\\htdocs\\lms-sekolah', testMode: true }

 GET /admin/users 200 in 1515ms (next.js: 751ms, proxy.ts: 18ms, application-code: 746ms)
 GET /admin 200 in 1883ms (next.js: 958ms, proxy.ts: 192ms, application-code: 734ms)
 GET /api/admin/users? 200 in 220ms (next.js: 163ms, application-code: 57ms)
 GET /api/admin/users? 200 in 16ms (next.js: 4ms, application-code: 12ms)
 GET /login 200 in 215ms (next.js: 132ms, application-code: 83ms)
 GET /login 200 in 100ms (next.js: 11ms, application-code: 89ms)
 POST /api/auth/login 200 in 252ms (next.js: 90ms, application-code: 162ms)
 GET /kepsek 200 in 1401ms (next.js: 1330ms, proxy.ts: 11ms, application-code: 59ms)
 GET /kepsek 200 in 69ms (next.js: 10ms, proxy.ts: 7ms, application-code: 52ms)
 GET /api/monitor?bagian=ringkasan 200 in 801ms (next.js: 731ms, application-code: 70ms)
 GET /api/monitor?bagian=ringkasan 200 in 33ms (next.js: 5ms, application-code: 28ms)
 GET /kepsek/kinerja-guru 200 in 1064ms (next.js: 944ms, proxy.ts: 9ms, application-code: 111ms)
 GET /api/monitor?bagian=kinerja-guru 200 in 27ms (next.js: 8ms, application-code: 19ms)
 GET /api/monitor?bagian=kinerja-guru 200 in 16ms (next.js: 5ms, application-code: 11ms)
 GET /kepsek/tugas-materi 200 in 1410ms (next.js: 1242ms, proxy.ts: 6ms, application-code: 162ms)
 GET /api/monitor?bagian=tugas-materi 200 in 34ms (next.js: 12ms, application-code: 22ms)
 GET /api/monitor?bagian=tugas-materi 200 in 73ms (next.js: 44ms, application-code: 29ms)
 GET /kepsek/ujian 200 in 790ms (next.js: 678ms, proxy.ts: 6ms, application-code: 105ms)
 GET /api/monitor?bagian=ujian 200 in 20ms (next.js: 4ms, application-code: 16ms)
 GET /api/monitor?bagian=ujian 200 in 19ms (next.js: 3ms, application-code: 16ms)
 GET /kepsek/jadwal 200 in 988ms (next.js: 884ms, proxy.ts: 8ms, application-code: 97ms)
 GET /api/monitor?bagian=jadwal 200 in 33ms (next.js: 12ms, application-code: 21ms)
 GET /api/monitor?bagian=jadwal 200 in 32ms (next.js: 17ms, application-code: 15ms)
 GET /kepsek 200 in 135ms (next.js: 6ms, proxy.ts: 9ms, application-code: 120ms)
 GET /api/monitor?bagian=ringkasan 200 in 33ms (next.js: 7ms, application-code: 26ms)
 GET /api/monitor?bagian=ringkasan 200 in 24ms (next.js: 5ms, application-code: 18ms)
 GET /kepsek/tugas-materi 200 in 102ms (next.js: 6ms, proxy.ts: 7ms, application-code: 89ms)
 GET /api/monitor?bagian=tugas-materi 200 in 29ms (next.js: 8ms, application-code: 21ms)
 GET /api/monitor?bagian=tugas-materi 200 in 17ms (next.js: 4ms, application-code: 14ms)
 GET /login 200 in 117ms (next.js: 24ms, application-code: 92ms)
 POST /api/auth/login 200 in 163ms (next.js: 10ms, application-code: 153ms)
 GET /kurikulum 200 in 849ms (next.js: 780ms, proxy.ts: 6ms, application-code: 62ms)
 GET /kurikulum 200 in 65ms (next.js: 20ms, proxy.ts: 9ms, application-code: 37ms)
 GET /api/monitor?bagian=ringkasan 200 in 66ms (next.js: 27ms, application-code: 39ms)
 GET /api/monitor?bagian=ringkasan 200 in 21ms (next.js: 5ms, application-code: 16ms)
 GET /kurikulum/kinerja-guru 200 in 631ms (next.js: 529ms, proxy.ts: 8ms, application-code: 94ms)
 GET /api/monitor?bagian=kinerja-guru 200 in 37ms (next.js: 10ms, application-code: 26ms)
 GET /api/monitor?bagian=kinerja-guru 200 in 18ms (next.js: 6ms, application-code: 13ms)
 GET /kurikulum/tugas-materi 200 in 1101ms (next.js: 975ms, proxy.ts: 8ms, application-code: 118ms)
 GET /api/monitor?bagian=tugas-materi 200 in 51ms (next.js: 3ms, application-code: 47ms)
 GET /api/monitor?bagian=tugas-materi 200 in 30ms (next.js: 5ms, application-code: 26ms)
 GET /kurikulum/ujian 200 in 910ms (next.js: 785ms, proxy.ts: 6ms, application-code: 119ms)
 GET /api/monitor?bagian=ujian 200 in 30ms (next.js: 4ms, application-code: 25ms)
 GET /api/monitor?bagian=ujian 200 in 15ms (next.js: 6ms, application-code: 10ms)
 GET /kurikulum/jadwal 200 in 556ms (next.js: 385ms, proxy.ts: 6ms, application-code: 165ms)
 GET /api/monitor?bagian=jadwal 200 in 27ms (next.js: 4ms, application-code: 24ms)
 GET /api/monitor?bagian=jadwal 200 in 19ms (next.js: 7ms, application-code: 11ms)
 GET /kurikulum/nilai 200 in 1544ms (next.js: 1426ms, proxy.ts: 8ms, application-code: 110ms)
 GET /api/monitor?bagian=nilai 200 in 30ms (next.js: 6ms, application-code: 24ms)
 GET /api/monitor?bagian=nilai 200 in 27ms (next.js: 13ms, application-code: 15ms)
 GET /kurikulum/nilai 200 in 107ms (next.js: 5ms, proxy.ts: 5ms, application-code: 97ms)
 GET /api/monitor?bagian=nilai 200 in 18ms (next.js: 4ms, application-code: 14ms)
 GET /api/monitor?bagian=nilai 200 in 30ms (next.js: 10ms, application-code: 20ms)
 GET /api/monitor?bagian=nilai-detail&mapel_id=2 200 in 31ms (next.js: 10ms, application-code: 22ms)
 GET /admin 200 in 316ms (next.js: 13ms, proxy.ts: 6ms, application-code: 298ms)
 GET /admin/pengaturan 200 in 904ms (next.js: 830ms, proxy.ts: 7ms, application-code: 66ms)
 GET /admin/pengaturan 200 in 54ms (next.js: 13ms, proxy.ts: 5ms, application-code: 37ms)
 POST /api/auth/logout 200 in 223ms (next.js: 214ms, application-code: 9ms)
 GET /login 200 in 34ms (next.js: 6ms, application-code: 28ms)
 GET /login 200 in 43ms (next.js: 6ms, application-code: 37ms)
 POST /api/auth/login 200 in 816ms (next.js: 38ms, application-code: 777ms)
 GET /kepsek 200 in 56ms (next.js: 15ms, proxy.ts: 6ms, application-code: 36ms)
 GET /kepsek 200 in 65ms (next.js: 9ms, proxy.ts: 6ms, application-code: 49ms)
 GET /api/monitor?bagian=ringkasan 200 in 31ms (next.js: 9ms, application-code: 22ms)
 GET /api/monitor?bagian=ringkasan 200 in 16ms (next.js: 3ms, application-code: 13ms)
 GET /kepsek/kinerja-guru 200 in 49ms (next.js: 16ms, proxy.ts: 5ms, application-code: 28ms)
 GET /api/monitor?bagian=kinerja-guru 200 in 46ms (next.js: 11ms, application-code: 35ms)
 GET /api/monitor?bagian=kinerja-guru 200 in 46ms (next.js: 26ms, application-code: 19ms)
 GET /kepsek/tugas-materi 200 in 45ms (next.js: 13ms, proxy.ts: 5ms, application-code: 27ms)
 GET /api/monitor?bagian=tugas-materi 200 in 37ms (next.js: 7ms, application-code: 30ms)
 GET /api/monitor?bagian=tugas-materi 200 in 24ms (next.js: 5ms, application-code: 20ms)
✓ Finished filesystem cache database compaction in 12.0s
 GET /kepsek/ujian 200 in 59ms (next.js: 17ms, proxy.ts: 7ms, application-code: 34ms)
 GET /api/monitor?bagian=ujian 200 in 22ms (next.js: 7ms, application-code: 15ms)
 GET /api/monitor?bagian=ujian 200 in 17ms (next.js: 3ms, application-code: 14ms)
 GET /kepsek/jadwal 200 in 43ms (next.js: 11ms, proxy.ts: 4ms, application-code: 28ms)
 GET /api/monitor?bagian=jadwal 200 in 25ms (next.js: 10ms, application-code: 15ms)
 GET /api/monitor?bagian=jadwal 200 in 25ms (next.js: 4ms, application-code: 21ms)
 POST /api/auth/logout 200 in 20ms (next.js: 13ms, application-code: 7ms)
 GET /login 200 in 83ms (next.js: 42ms, application-code: 42ms)
 GET /login 200 in 82ms (next.js: 11ms, application-code: 71ms)
 POST /api/auth/login 200 in 124ms (next.js: 5ms, application-code: 119ms)
 GET /kurikulum 200 in 49ms (next.js: 9ms, proxy.ts: 6ms, application-code: 33ms)
 GET /kurikulum 200 in 48ms (next.js: 6ms, proxy.ts: 6ms, application-code: 36ms)
 GET /api/monitor?bagian=ringkasan 200 in 45ms (next.js: 7ms, application-code: 37ms)
 GET /api/monitor?bagian=ringkasan 200 in 28ms (next.js: 9ms, application-code: 19ms)
 GET /kurikulum/kinerja-guru 200 in 43ms (next.js: 10ms, proxy.ts: 5ms, application-code: 28ms)
 GET /api/monitor?bagian=kinerja-guru 200 in 112ms (next.js: 100ms, application-code: 13ms)
 GET /api/monitor?bagian=kinerja-guru 200 in 17ms (next.js: 3ms, application-code: 13ms)
 GET /kurikulum/tugas-materi 200 in 49ms (next.js: 12ms, proxy.ts: 5ms, application-code: 32ms)
 GET /api/monitor?bagian=tugas-materi 200 in 64ms (next.js: 22ms, application-code: 43ms)
 GET /api/monitor?bagian=tugas-materi 200 in 15ms (next.js: 7ms, application-code: 9ms)
 GET /kurikulum/ujian 200 in 78ms (next.js: 46ms, proxy.ts: 5ms, application-code: 27ms)
 GET /api/monitor?bagian=ujian 200 in 67ms (next.js: 32ms, application-code: 35ms)
 GET /api/monitor?bagian=ujian 200 in 24ms (next.js: 6ms, application-code: 18ms)
 GET /kurikulum/nilai 200 in 45ms (next.js: 14ms, proxy.ts: 5ms, application-code: 26ms)
 GET /api/monitor?bagian=nilai 200 in 59ms (next.js: 17ms, application-code: 42ms)
 GET /api/monitor?bagian=nilai 200 in 12ms (next.js: 5ms, application-code: 7ms)
 GET /api/monitor?bagian=nilai-detail&mapel_id=2 200 in 15ms (next.js: 3ms, application-code: 12ms)
 GET /kurikulum 200 in 41ms (next.js: 6ms, proxy.ts: 5ms, application-code: 29ms)
 GET /api/monitor?bagian=ringkasan 200 in 27ms (next.js: 5ms, application-code: 23ms)
 GET /api/monitor?bagian=ringkasan 200 in 19ms (next.js: 3ms, application-code: 15ms)
 GET /kurikulum/nilai 200 in 40ms (next.js: 7ms, proxy.ts: 5ms, application-code: 28ms)
 GET /api/monitor?bagian=nilai 200 in 54ms (next.js: 34ms, application-code: 20ms)
 GET /api/monitor?bagian=nilai 200 in 37ms (next.js: 19ms, application-code: 18ms)
 GET /kurikulum/nilai 200 in 117ms (next.js: 8ms, proxy.ts: 6ms, application-code: 103ms)
 GET /api/monitor?bagian=nilai 200 in 31ms (next.js: 6ms, application-code: 26ms)
 GET /api/monitor?bagian=nilai 200 in 13ms (next.js: 4ms, application-code: 9ms)
 POST /api/auth/logout 200 in 9ms (next.js: 3ms, application-code: 6ms)
 GET /login 200 in 34ms (next.js: 7ms, application-code: 28ms)
 GET /login 200 in 36ms (next.js: 6ms, application-code: 30ms)
 POST /api/auth/login 200 in 133ms (next.js: 9ms, application-code: 124ms)
 GET /admin 200 in 175ms (next.js: 51ms, proxy.ts: 7ms, application-code: 118ms)
 GET /admin 200 in 109ms (next.js: 23ms, proxy.ts: 7ms, application-code: 80ms)
 GET /admin/guru 200 in 103ms (next.js: 63ms, proxy.ts: 5ms, application-code: 35ms)
 GET /api/admin/guru 200 in 148ms (next.js: 108ms, application-code: 41ms)
 GET /api/admin/guru 200 in 33ms (next.js: 13ms, application-code: 20ms)
 POST /api/admin/guru 200 in 120ms (next.js: 5ms, application-code: 116ms)
 GET /api/admin/guru 200 in 11ms (next.js: 3ms, application-code: 7ms)
 GET /admin/siswa 200 in 161ms (next.js: 61ms, proxy.ts: 5ms, application-code: 95ms)
 GET /api/admin/siswa 200 in 211ms (next.js: 180ms, application-code: 31ms)
 GET /api/admin/kelas 200 in 204ms (next.js: 101ms, application-code: 103ms)
 GET /api/admin/siswa 200 in 18ms (next.js: 4ms, application-code: 14ms)
 GET /api/admin/kelas 200 in 23ms (next.js: 10ms, application-code: 13ms)
 GET /admin/users 200 in 48ms (next.js: 10ms, proxy.ts: 6ms, application-code: 32ms)
 GET /api/admin/users? 200 in 48ms (next.js: 19ms, application-code: 29ms)
 GET /api/admin/users? 200 in 26ms (next.js: 8ms, application-code: 18ms)
 PUT /api/admin/users/3 200 in 3.0s (next.js: 2.9s, application-code: 121ms)
 GET /api/admin/users? 200 in 17ms (next.js: 5ms, application-code: 12ms)
 POST /api/auth/logout 200 in 13ms (next.js: 7ms, application-code: 6ms)
 GET /login 200 in 83ms (next.js: 14ms, application-code: 69ms)
 GET /login 200 in 82ms (next.js: 38ms, application-code: 44ms)
 POST /api/auth/login 200 in 127ms (next.js: 7ms, application-code: 120ms)
 GET /kepsek 200 in 51ms (next.js: 12ms, proxy.ts: 6ms, application-code: 33ms)
 GET /kepsek 200 in 46ms (next.js: 6ms, proxy.ts: 6ms, application-code: 35ms)
 GET /api/monitor?bagian=ringkasan 200 in 46ms (next.js: 10ms, application-code: 36ms)
 GET /api/monitor?bagian=ringkasan 200 in 16ms (next.js: 4ms, application-code: 12ms)
 GET /kepsek/kinerja-guru 200 in 46ms (next.js: 12ms, proxy.ts: 5ms, application-code: 29ms)
 GET /api/monitor?bagian=kinerja-guru 200 in 30ms (next.js: 4ms, application-code: 25ms)
 GET /api/monitor?bagian=kinerja-guru 200 in 24ms (next.js: 4ms, application-code: 21ms)
 GET /kepsek/tugas-materi 200 in 74ms (next.js: 11ms, proxy.ts: 5ms, application-code: 58ms)
 GET /api/monitor?bagian=tugas-materi 200 in 78ms (next.js: 32ms, application-code: 46ms)
 GET /api/monitor?bagian=tugas-materi 200 in 80ms (next.js: 44ms, application-code: 36ms)
 GET /kepsek/ujian 200 in 42ms (next.js: 9ms, proxy.ts: 5ms, application-code: 27ms)
 GET /api/monitor?bagian=ujian 200 in 24ms (next.js: 10ms, application-code: 14ms)
 GET /api/monitor?bagian=ujian 200 in 31ms (next.js: 3ms, application-code: 28ms)
 GET /kepsek/jadwal 200 in 43ms (next.js: 9ms, proxy.ts: 4ms, application-code: 29ms)
 GET /api/monitor?bagian=jadwal 200 in 45ms (next.js: 19ms, application-code: 26ms)
 GET /api/monitor?bagian=jadwal 200 in 18ms (next.js: 4ms, application-code: 14ms)
 GET /kepsek 200 in 47ms (next.js: 12ms, proxy.ts: 6ms, application-code: 29ms)
 GET /api/monitor?bagian=ringkasan 200 in 26ms (next.js: 4ms, application-code: 23ms)
 GET /api/monitor?bagian=ringkasan 200 in 32ms (next.js: 4ms, application-code: 29ms)
 GET /kepsek/kinerja-guru 200 in 47ms (next.js: 11ms, proxy.ts: 5ms, application-code: 30ms)
 GET /api/monitor?bagian=kinerja-guru 200 in 75ms (next.js: 14ms, application-code: 62ms)
 GET /api/monitor?bagian=kinerja-guru 200 in 30ms (next.js: 5ms, application-code: 25ms)
 GET /kepsek/tugas-materi 200 in 40ms (next.js: 8ms, proxy.ts: 6ms, application-code: 26ms)
 GET /api/monitor?bagian=tugas-materi 200 in 39ms (next.js: 25ms, application-code: 14ms)
 GET /api/monitor?bagian=tugas-materi 200 in 26ms (next.js: 3ms, application-code: 23ms)
 GET /kepsek/ujian 200 in 39ms (next.js: 7ms, proxy.ts: 5ms, application-code: 27ms)
 GET /api/monitor?bagian=ujian 200 in 17ms (next.js: 5ms, application-code: 13ms)
 GET /api/monitor?bagian=ujian 200 in 27ms (next.js: 3ms, application-code: 23ms)
 GET /kepsek/jadwal 200 in 39ms (next.js: 6ms, proxy.ts: 5ms, application-code: 28ms)
 GET /api/monitor?bagian=jadwal 200 in 20ms (next.js: 4ms, application-code: 16ms)
 GET /api/monitor?bagian=jadwal 200 in 12ms (next.js: 4ms, application-code: 9ms)
 POST /api/auth/logout 200 in 8ms (next.js: 3ms, application-code: 5ms)
 GET /login 200 in 104ms (next.js: 9ms, application-code: 95ms)
 GET /login 200 in 136ms (next.js: 33ms, application-code: 103ms)
 POST /api/auth/login 200 in 119ms (next.js: 4ms, application-code: 114ms)
 GET /kurikulum 200 in 50ms (next.js: 9ms, proxy.ts: 6ms, application-code: 35ms)
 GET /kurikulum 200 in 52ms (next.js: 7ms, proxy.ts: 6ms, application-code: 40ms)
 GET /api/monitor?bagian=ringkasan 200 in 20ms (next.js: 3ms, application-code: 17ms)
 GET /api/monitor?bagian=ringkasan 200 in 21ms (next.js: 3ms, application-code: 18ms)
 GET /kurikulum/nilai 200 in 50ms (next.js: 11ms, proxy.ts: 8ms, application-code: 31ms)
 GET /api/monitor?bagian=nilai 200 in 37ms (next.js: 23ms, application-code: 14ms)
 GET /api/monitor?bagian=nilai 200 in 21ms (next.js: 3ms, application-code: 18ms)
 GET /api/monitor?bagian=nilai-detail&mapel_id=2 200 in 24ms (next.js: 4ms, application-code: 20ms)
